2026-06-24T21:49:03.197+05:30  INFO 8195 --- [carrental] [restartedMain] c.d.c.carrental.CarrentalApplication     : Starting CarrentalApplication using Java 21.0.11 with PID 8195 (/home/hasika/Desktop/webinar/carrental/target/classes started by hasika in /home/hasika/Desktop/webinar/carrental)
2026-06-24T21:49:03.208+05:30 DEBUG 8195 --- [carrental] [restartedMain] c.d.c.carrental.CarrentalApplication     : Running with Spring Boot v4.0.6, Spring v7.0.7
2026-06-24T21:49:03.210+05:30  INFO 8195 --- [carrental] [restartedMain] c.d.c.carrental.CarrentalApplication     : No active profile set, falling back to 1 default profile: "default"
2026-06-24T21:49:03.408+05:30  INFO 8195 --- [carrental] [restartedMain] .e.DevToolsPropertyDefaultsPostProcessor : Devtools property defaults active! Set 'spring.devtools.add-properties' to 'false' to disable
2026-06-24T21:49:03.409+05:30  INFO 8195 --- [carrental] [restartedMain] .e.DevToolsPropertyDefaultsPostProcessor : For additional web related logging consider setting the 'logging.level.web' property to 'DEBUG'
2026-06-24T21:49:05.477+05:30  INFO 8195 --- [carrental] [restartedMain] .s.d.r.c.RepositoryConfigurationDelegate : Bootstrapping Spring Data JPA repositories in DEFAULT mode.
2026-06-24T21:49:05.710+05:30  INFO 8195 --- [carrental] [restartedMain] .s.d.r.c.RepositoryConfigurationDelegate : Finished Spring Data repository scanning in 197 ms. Found 16 JPA repository interfaces.
2026-06-24T21:49:07.338+05:30  INFO 8195 --- [carrental] [restartedMain] o.s.boot.tomcat.TomcatWebServer          : Tomcat initialized with port 8081 (http)
2026-06-24T21:49:07.366+05:30  INFO 8195 --- [carrental] [restartedMain] o.apache.catalina.core.StandardService   : Starting service [Tomcat]
2026-06-24T21:49:07.368+05:30  INFO 8195 --- [carrental] [restartedMain] o.apache.catalina.core.StandardEngine    : Starting Servlet engine: [Apache Tomcat/11.0.21]
2026-06-24T21:49:07.509+05:30  INFO 8195 --- [carrental] [restartedMain] b.w.c.s.WebApplicationContextInitializer : Root WebApplicationContext: initialization completed in 4098 ms
2026-06-24T21:49:07.686+05:30 DEBUG 8195 --- [carrental] [restartedMain] c.d.c.carrental.config.JWTAuthFilter     : Filter 'JWTAuthFilter' configured for use
2026-06-24T21:49:08.113+05:30  INFO 8195 --- [carrental] [restartedMain] org.hibernate.orm.jpa                    : HHH008540: Processing PersistenceUnitInfo [name: default]
2026-06-24T21:49:08.216+05:30  INFO 8195 --- [carrental] [restartedMain] org.hibernate.orm.core                   : HHH000001: Hibernate ORM core version 7.2.12.Final
2026-06-24T21:49:09.125+05:30  INFO 8195 --- [carrental] [restartedMain] o.s.o.j.p.SpringPersistenceUnitInfo      : No LoadTimeWeaver setup: ignoring JPA class transformer
2026-06-24T21:49:09.189+05:30  INFO 8195 --- [carrental] [restartedMain] com.zaxxer.hikari.HikariDataSource       : HikariPool-1 - Starting...
2026-06-24T21:49:10.076+05:30  INFO 8195 --- [carrental] [restartedMain] com.zaxxer.hikari.pool.HikariPool        : HikariPool-1 - Added connection com.mysql.cj.jdbc.ConnectionImpl@42df6711
2026-06-24T21:49:10.085+05:30  INFO 8195 --- [carrental] [restartedMain] com.zaxxer.hikari.HikariDataSource       : HikariPool-1 - Start completed.
2026-06-24T21:49:10.321+05:30  WARN 8195 --- [carrental] [restartedMain] org.hibernate.orm.deprecation            : HHH90000025: MySQLDialect does not need to be specified explicitly using 'hibernate.dialect' (remove the property setting and it will be selected by default)
2026-06-24T21:49:10.366+05:30  INFO 8195 --- [carrental] [restartedMain] org.hibernate.orm.connections.pooling    : HHH10001005: Database info:
	Database JDBC URL [jdbc:mysql://localhost:3306/carrental?createDatabaseIfNotExist=true]
	Database driver: MySQL Connector/J
	Database dialect: MySQLDialect
	Database version: 8.0.46
	Default catalog/schema: carrental/undefined
	Autocommit mode: undefined/unknown
	Isolation level: REPEATABLE_READ [default REPEATABLE_READ]
	JDBC fetch size: none
	Pool: DataSourceConnectionProvider
	Minimum pool size: undefined/unknown
	Maximum pool size: undefined/unknown
2026-06-24T21:49:12.882+05:30  INFO 8195 --- [carrental] [restartedMain] org.hibernate.orm.core                   : HHH000489: No JTA platform available (set 'hibernate.transaction.jta.platform' to enable JTA platform integration)
2026-06-24T21:49:13.099+05:30  INFO 8195 --- [carrental] [restartedMain] j.LocalContainerEntityManagerFactoryBean : Initialized JPA EntityManagerFactory for persistence unit 'default'
2026-06-24T21:49:13.293+05:30  INFO 8195 --- [carrental] [restartedMain] o.s.d.j.r.query.QueryEnhancerFactories   : Hibernate is in classpath; If applicable, HQL parser will be used.
2026-06-24T21:49:13.709+05:30  INFO 8195 --- [carrental] [restartedMain] eAuthenticationProviderManagerConfigurer : Global AuthenticationManager configured with AuthenticationProvider bean with name authenticationProvider
2026-06-24T21:49:13.710+05:30  WARN 8195 --- [carrental] [restartedMain] r$InitializeUserDetailsManagerConfigurer : Global AuthenticationManager configured with an AuthenticationProvider bean. UserDetailsService beans will not be used by Spring Security for automatically configuring username/password login. Consider removing the AuthenticationProvider bean. Alternatively, consider using the UserDetailsService in a manually instantiated DaoAuthenticationProvider. If the current configuration is intentional, to turn off this warning, increase the logging level of 'org.springframework.security.config.annotation.authentication.configuration.InitializeUserDetailsBeanManagerConfigurer' to ERROR
2026-06-24T21:49:13.914+05:30  WARN 8195 --- [carrental] [restartedMain] JpaBaseConfiguration$JpaWebConfiguration : spring.jpa.open-in-view is enabled by default. Therefore, database queries may be performed during view rendering. Explicitly configure spring.jpa.open-in-view to disable this warning
2026-06-24T21:49:15.374+05:30  INFO 8195 --- [carrental] [restartedMain] o.s.boot.tomcat.TomcatWebServer          : Tomcat started on port 8081 (http) with context path '/api/v1'
2026-06-24T21:49:15.384+05:30  INFO 8195 --- [carrental] [restartedMain] c.d.c.carrental.CarrentalApplication     : Started CarrentalApplication in 12.847 seconds (process running for 13.906)
2026-06-24T21:57:34.450+05:30  INFO 8195 --- [carrental] [SpringApplicationShutdownHook] o.s.boot.tomcat.GracefulShutdown         : Commencing graceful shutdown. Waiting for active requests to complete
2026-06-24T21:57:34.541+05:30  INFO 8195 --- [carrental] [tomcat-shutdown] o.s.boot.tomcat.GracefulShutdown         : Graceful shutdown complete
2026-06-24T21:57:34.688+05:30  INFO 8195 --- [carrental] [SpringApplicationShutdownHook] j.LocalContainerEntityManagerFactoryBean : Closing JPA EntityManagerFactory for persistence unit 'default'
2026-06-24T21:57:34.814+05:30  INFO 8195 --- [carrental] [SpringApplicationShutdownHook] com.zaxxer.hikari.HikariDataSource       : HikariPool-1 - Shutdown initiated...
2026-06-24T21:57:35.071+05:30  INFO 8195 --- [carrental] [SpringApplicationShutdownHook] com.zaxxer.hikari.HikariDataSource       : HikariPool-1 - Shutdown completed.
2026-06-24T21:57:44.256+05:30  INFO 11137 --- [carrental] [restartedMain] c.d.c.carrental.CarrentalApplication     : Starting CarrentalApplication using Java 21.0.11 with PID 11137 (/home/hasika/Desktop/webinar/carrental/target/classes started by hasika in /home/hasika/Desktop/webinar/carrental)
2026-06-24T21:57:44.270+05:30 DEBUG 11137 --- [carrental] [restartedMain] c.d.c.carrental.CarrentalApplication     : Running with Spring Boot v4.0.6, Spring v7.0.7
2026-06-24T21:57:44.273+05:30  INFO 11137 --- [carrental] [restartedMain] c.d.c.carrental.CarrentalApplication     : No active profile set, falling back to 1 default profile: "default"
2026-06-24T21:57:44.455+05:30  INFO 11137 --- [carrental] [restartedMain] .e.DevToolsPropertyDefaultsPostProcessor : Devtools property defaults active! Set 'spring.devtools.add-properties' to 'false' to disable
2026-06-24T21:57:44.456+05:30  INFO 11137 --- [carrental] [restartedMain] .e.DevToolsPropertyDefaultsPostProcessor : For additional web related logging consider setting the 'logging.level.web' property to 'DEBUG'
2026-06-24T21:57:47.420+05:30  INFO 11137 --- [carrental] [restartedMain] .s.d.r.c.RepositoryConfigurationDelegate : Bootstrapping Spring Data JPA repositories in DEFAULT mode.
2026-06-24T21:57:47.768+05:30  INFO 11137 --- [carrental] [restartedMain] .s.d.r.c.RepositoryConfigurationDelegate : Finished Spring Data repository scanning in 322 ms. Found 16 JPA repository interfaces.
2026-06-24T21:57:49.237+05:30  INFO 11137 --- [carrental] [restartedMain] o.s.boot.tomcat.TomcatWebServer          : Tomcat initialized with port 8081 (http)
2026-06-24T21:57:49.263+05:30  INFO 11137 --- [carrental] [restartedMain] o.apache.catalina.core.StandardService   : Starting service [Tomcat]
2026-06-24T21:57:49.263+05:30  INFO 11137 --- [carrental] [restartedMain] o.apache.catalina.core.StandardEngine    : Starting Servlet engine: [Apache Tomcat/11.0.21]
2026-06-24T21:57:49.345+05:30  INFO 11137 --- [carrental] [restartedMain] b.w.c.s.WebApplicationContextInitializer : Root WebApplicationContext: initialization completed in 4885 ms
2026-06-24T21:57:49.540+05:30 DEBUG 11137 --- [carrental] [restartedMain] c.d.c.carrental.config.JWTAuthFilter     : Filter 'JWTAuthFilter' configured for use
2026-06-24T21:57:50.201+05:30  INFO 11137 --- [carrental] [restartedMain] org.hibernate.orm.jpa                    : HHH008540: Processing PersistenceUnitInfo [name: default]
2026-06-24T21:57:50.480+05:30  INFO 11137 --- [carrental] [restartedMain] org.hibernate.orm.core                   : HHH000001: Hibernate ORM core version 7.2.12.Final
2026-06-24T21:57:51.973+05:30  INFO 11137 --- [carrental] [restartedMain] o.s.o.j.p.SpringPersistenceUnitInfo      : No LoadTimeWeaver setup: ignoring JPA class transformer
2026-06-24T21:57:52.074+05:30  INFO 11137 --- [carrental] [restartedMain] com.zaxxer.hikari.HikariDataSource       : HikariPool-1 - Starting...
2026-06-24T21:57:53.183+05:30  INFO 11137 --- [carrental] [restartedMain] com.zaxxer.hikari.pool.HikariPool        : HikariPool-1 - Added connection com.mysql.cj.jdbc.ConnectionImpl@4841371f
2026-06-24T21:57:53.188+05:30  INFO 11137 --- [carrental] [restartedMain] com.zaxxer.hikari.HikariDataSource       : HikariPool-1 - Start completed.
2026-06-24T21:57:53.311+05:30  WARN 11137 --- [carrental] [restartedMain] org.hibernate.orm.deprecation            : HHH90000025: MySQLDialect does not need to be specified explicitly using 'hibernate.dialect' (remove the property setting and it will be selected by default)
2026-06-24T21:57:53.355+05:30  INFO 11137 --- [carrental] [restartedMain] org.hibernate.orm.connections.pooling    : HHH10001005: Database info:
	Database JDBC URL [jdbc:mysql://localhost:3306/carrental?createDatabaseIfNotExist=true]
	Database driver: MySQL Connector/J
	Database dialect: MySQLDialect
	Database version: 8.0.46
	Default catalog/schema: carrental/undefined
	Autocommit mode: undefined/unknown
	Isolation level: REPEATABLE_READ [default REPEATABLE_READ]
	JDBC fetch size: none
	Pool: DataSourceConnectionProvider
	Minimum pool size: undefined/unknown
	Maximum pool size: undefined/unknown
2026-06-24T21:57:59.381+05:30  INFO 11137 --- [carrental] [restartedMain] org.hibernate.orm.core                   : HHH000489: No JTA platform available (set 'hibernate.transaction.jta.platform' to enable JTA platform integration)
2026-06-24T21:57:59.823+05:30  INFO 11137 --- [carrental] [restartedMain] j.LocalContainerEntityManagerFactoryBean : Initialized JPA EntityManagerFactory for persistence unit 'default'
2026-06-24T21:58:00.429+05:30  INFO 11137 --- [carrental] [restartedMain] o.s.d.j.r.query.QueryEnhancerFactories   : Hibernate is in classpath; If applicable, HQL parser will be used.
2026-06-24T21:58:01.585+05:30  INFO 11137 --- [carrental] [restartedMain] eAuthenticationProviderManagerConfigurer : Global AuthenticationManager configured with AuthenticationProvider bean with name authenticationProvider
2026-06-24T21:58:01.587+05:30  WARN 11137 --- [carrental] [restartedMain] r$InitializeUserDetailsManagerConfigurer : Global AuthenticationManager configured with an AuthenticationProvider bean. UserDetailsService beans will not be used by Spring Security for automatically configuring username/password login. Consider removing the AuthenticationProvider bean. Alternatively, consider using the UserDetailsService in a manually instantiated DaoAuthenticationProvider. If the current configuration is intentional, to turn off this warning, increase the logging level of 'org.springframework.security.config.annotation.authentication.configuration.InitializeUserDetailsBeanManagerConfigurer' to ERROR
2026-06-24T21:58:01.949+05:30  WARN 11137 --- [carrental] [restartedMain] JpaBaseConfiguration$JpaWebConfiguration : spring.jpa.open-in-view is enabled by default. Therefore, database queries may be performed during view rendering. Explicitly configure spring.jpa.open-in-view to disable this warning
2026-06-24T21:58:03.435+05:30  INFO 11137 --- [carrental] [restartedMain] o.s.boot.tomcat.TomcatWebServer          : Tomcat started on port 8081 (http) with context path '/api/v1'
2026-06-24T21:58:03.445+05:30  INFO 11137 --- [carrental] [restartedMain] c.d.c.carrental.CarrentalApplication     : Started CarrentalApplication in 20.556 seconds (process running for 22.043)
2026-06-24T21:58:23.676+05:30  INFO 11137 --- [carrental] [http-nio-8081-exec-1] o.a.c.c.C.[.[localhost].[/api/v1]        : Initializing Spring DispatcherServlet 'dispatcherServlet'
2026-06-24T21:58:23.676+05:30  INFO 11137 --- [carrental] [http-nio-8081-exec-1] o.s.web.servlet.DispatcherServlet        : Initializing Servlet 'dispatcherServlet'
2026-06-24T21:58:23.680+05:30  INFO 11137 --- [carrental] [http-nio-8081-exec-1] o.s.web.servlet.DispatcherServlet        : Completed initialization in 3 ms
2026-06-24T21:58:54.133+05:30  INFO 11137 --- [carrental] [File Watcher] rtingClassPathChangeChangedEventListener : Restarting due to 1 class path change (0 additions, 0 deletions, 1 modification)
2026-06-24T21:58:54.163+05:30  INFO 11137 --- [carrental] [Thread-1] o.s.boot.tomcat.GracefulShutdown         : Commencing graceful shutdown. Waiting for active requests to complete
2026-06-24T21:58:54.174+05:30  INFO 11137 --- [carrental] [tomcat-shutdown] o.s.boot.tomcat.GracefulShutdown         : Graceful shutdown complete
2026-06-24T21:58:54.201+05:30  INFO 11137 --- [carrental] [Thread-1] j.LocalContainerEntityManagerFactoryBean : Closing JPA EntityManagerFactory for persistence unit 'default'
2026-06-24T21:58:54.219+05:30  INFO 11137 --- [carrental] [Thread-1] com.zaxxer.hikari.HikariDataSource       : HikariPool-1 - Shutdown initiated...
2026-06-24T21:58:54.248+05:30  INFO 11137 --- [carrental] [Thread-1] com.zaxxer.hikari.HikariDataSource       : HikariPool-1 - Shutdown completed.
2026-06-24T21:58:54.646+05:30  INFO 11137 --- [carrental] [restartedMain] c.d.c.carrental.CarrentalApplication     : Starting CarrentalApplication using Java 21.0.11 with PID 11137 (/home/hasika/Desktop/webinar/carrental/target/classes started by hasika in /home/hasika/Desktop/webinar/carrental)
2026-06-24T21:58:54.647+05:30 DEBUG 11137 --- [carrental] [restartedMain] c.d.c.carrental.CarrentalApplication     : Running with Spring Boot v4.0.6, Spring v7.0.7
2026-06-24T21:58:54.648+05:30  INFO 11137 --- [carrental] [restartedMain] c.d.c.carrental.CarrentalApplication     : No active profile set, falling back to 1 default profile: "default"
2026-06-24T21:58:56.179+05:30  INFO 11137 --- [carrental] [restartedMain] .s.d.r.c.RepositoryConfigurationDelegate : Bootstrapping Spring Data JPA repositories in DEFAULT mode.
2026-06-24T21:58:56.364+05:30  INFO 11137 --- [carrental] [restartedMain] .s.d.r.c.RepositoryConfigurationDelegate : Finished Spring Data repository scanning in 180 ms. Found 16 JPA repository interfaces.
2026-06-24T21:58:57.050+05:30  INFO 11137 --- [carrental] [restartedMain] o.s.boot.tomcat.TomcatWebServer          : Tomcat initialized with port 8081 (http)
2026-06-24T21:58:57.053+05:30  INFO 11137 --- [carrental] [restartedMain] o.apache.catalina.core.StandardService   : Starting service [Tomcat]
2026-06-24T21:58:57.054+05:30  INFO 11137 --- [carrental] [restartedMain] o.apache.catalina.core.StandardEngine    : Starting Servlet engine: [Apache Tomcat/11.0.21]
2026-06-24T21:58:57.111+05:30  INFO 11137 --- [carrental] [restartedMain] b.w.c.s.WebApplicationContextInitializer : Root WebApplicationContext: initialization completed in 2453 ms
2026-06-24T21:58:57.170+05:30 DEBUG 11137 --- [carrental] [restartedMain] c.d.c.carrental.config.JWTAuthFilter     : Filter 'JWTAuthFilter' configured for use
2026-06-24T21:58:57.310+05:30  INFO 11137 --- [carrental] [restartedMain] org.hibernate.orm.jpa                    : HHH008540: Processing PersistenceUnitInfo [name: default]
2026-06-24T21:58:57.386+05:30  INFO 11137 --- [carrental] [restartedMain] o.s.o.j.p.SpringPersistenceUnitInfo      : No LoadTimeWeaver setup: ignoring JPA class transformer
2026-06-24T21:58:57.389+05:30  INFO 11137 --- [carrental] [restartedMain] com.zaxxer.hikari.HikariDataSource       : HikariPool-2 - Starting...
2026-06-24T21:58:57.445+05:30  INFO 11137 --- [carrental] [restartedMain] com.zaxxer.hikari.pool.HikariPool        : HikariPool-2 - Added connection com.mysql.cj.jdbc.ConnectionImpl@27945a4b
2026-06-24T21:58:57.447+05:30  INFO 11137 --- [carrental] [restartedMain] com.zaxxer.hikari.HikariDataSource       : HikariPool-2 - Start completed.
2026-06-24T21:58:57.453+05:30  WARN 11137 --- [carrental] [restartedMain] org.hibernate.orm.deprecation            : HHH90000025: MySQLDialect does not need to be specified explicitly using 'hibernate.dialect' (remove the property setting and it will be selected by default)
2026-06-24T21:58:57.461+05:30  INFO 11137 --- [carrental] [restartedMain] org.hibernate.orm.connections.pooling    : HHH10001005: Database info:
	Database JDBC URL [jdbc:mysql://localhost:3306/carrental?createDatabaseIfNotExist=true]
	Database driver: MySQL Connector/J
	Database dialect: MySQLDialect
	Database version: 8.0.46
	Default catalog/schema: carrental/undefined
	Autocommit mode: undefined/unknown
	Isolation level: REPEATABLE_READ [default REPEATABLE_READ]
	JDBC fetch size: none
	Pool: DataSourceConnectionProvider
	Minimum pool size: undefined/unknown
	Maximum pool size: undefined/unknown
2026-06-24T21:58:58.535+05:30  INFO 11137 --- [carrental] [restartedMain] org.hibernate.orm.core                   : HHH000489: No JTA platform available (set 'hibernate.transaction.jta.platform' to enable JTA platform integration)
2026-06-24T21:58:58.601+05:30  INFO 11137 --- [carrental] [restartedMain] j.LocalContainerEntityManagerFactoryBean : Initialized JPA EntityManagerFactory for persistence unit 'default'
2026-06-24T21:58:58.837+05:30  INFO 11137 --- [carrental] [restartedMain] eAuthenticationProviderManagerConfigurer : Global AuthenticationManager configured with AuthenticationProvider bean with name authenticationProvider
2026-06-24T21:58:58.838+05:30  WARN 11137 --- [carrental] [restartedMain] r$InitializeUserDetailsManagerConfigurer : Global AuthenticationManager configured with an AuthenticationProvider bean. UserDetailsService beans will not be used by Spring Security for automatically configuring username/password login. Consider removing the AuthenticationProvider bean. Alternatively, consider using the UserDetailsService in a manually instantiated DaoAuthenticationProvider. If the current configuration is intentional, to turn off this warning, increase the logging level of 'org.springframework.security.config.annotation.authentication.configuration.InitializeUserDetailsBeanManagerConfigurer' to ERROR
2026-06-24T21:58:58.927+05:30  WARN 11137 --- [carrental] [restartedMain] JpaBaseConfiguration$JpaWebConfiguration : spring.jpa.open-in-view is enabled by default. Therefore, database queries may be performed during view rendering. Explicitly configure spring.jpa.open-in-view to disable this warning
2026-06-24T21:58:59.472+05:30  INFO 11137 --- [carrental] [restartedMain] o.s.boot.tomcat.TomcatWebServer          : Tomcat started on port 8081 (http) with context path '/api/v1'
2026-06-24T21:58:59.480+05:30  INFO 11137 --- [carrental] [restartedMain] c.d.c.carrental.CarrentalApplication     : Started CarrentalApplication in 4.971 seconds (process running for 78.079)
2026-06-24T21:58:59.484+05:30  INFO 11137 --- [carrental] [restartedMain] .ConditionEvaluationDeltaLoggingListener : Condition evaluation unchanged
2026-06-24T21:59:04.217+05:30  INFO 11929 --- [carrental] [restartedMain] c.d.c.carrental.CarrentalApplication     : Starting CarrentalApplication using Java 21.0.11 with PID 11929 (/home/hasika/Desktop/webinar/carrental/target/classes started by hasika in /home/hasika/Desktop/webinar/carrental)
2026-06-24T21:59:04.222+05:30 DEBUG 11929 --- [carrental] [restartedMain] c.d.c.carrental.CarrentalApplication     : Running with Spring Boot v4.0.6, Spring v7.0.7
2026-06-24T21:59:04.225+05:30  INFO 11929 --- [carrental] [restartedMain] c.d.c.carrental.CarrentalApplication     : No active profile set, falling back to 1 default profile: "default"
2026-06-24T21:59:04.391+05:30  INFO 11929 --- [carrental] [restartedMain] .e.DevToolsPropertyDefaultsPostProcessor : Devtools property defaults active! Set 'spring.devtools.add-properties' to 'false' to disable
2026-06-24T21:59:04.392+05:30  INFO 11929 --- [carrental] [restartedMain] .e.DevToolsPropertyDefaultsPostProcessor : For additional web related logging consider setting the 'logging.level.web' property to 'DEBUG'
2026-06-24T21:59:06.318+05:30  INFO 11929 --- [carrental] [restartedMain] .s.d.r.c.RepositoryConfigurationDelegate : Bootstrapping Spring Data JPA repositories in DEFAULT mode.
2026-06-24T21:59:06.595+05:30  INFO 11929 --- [carrental] [restartedMain] .s.d.r.c.RepositoryConfigurationDelegate : Finished Spring Data repository scanning in 261 ms. Found 16 JPA repository interfaces.
2026-06-24T21:59:08.116+05:30  INFO 11929 --- [carrental] [restartedMain] o.s.boot.tomcat.TomcatWebServer          : Tomcat initialized with port 8081 (http)
2026-06-24T21:59:08.139+05:30  INFO 11929 --- [carrental] [restartedMain] o.apache.catalina.core.StandardService   : Starting service [Tomcat]
2026-06-24T21:59:08.140+05:30  INFO 11929 --- [carrental] [restartedMain] o.apache.catalina.core.StandardEngine    : Starting Servlet engine: [Apache Tomcat/11.0.21]
2026-06-24T21:59:08.281+05:30  INFO 11929 --- [carrental] [restartedMain] b.w.c.s.WebApplicationContextInitializer : Root WebApplicationContext: initialization completed in 3888 ms
2026-06-24T21:59:08.457+05:30 DEBUG 11929 --- [carrental] [restartedMain] c.d.c.carrental.config.JWTAuthFilter     : Filter 'JWTAuthFilter' configured for use
2026-06-24T21:59:08.841+05:30  INFO 11929 --- [carrental] [restartedMain] org.hibernate.orm.jpa                    : HHH008540: Processing PersistenceUnitInfo [name: default]
2026-06-24T21:59:08.934+05:30  INFO 11929 --- [carrental] [restartedMain] org.hibernate.orm.core                   : HHH000001: Hibernate ORM core version 7.2.12.Final
2026-06-24T21:59:09.679+05:30  INFO 11929 --- [carrental] [restartedMain] o.s.o.j.p.SpringPersistenceUnitInfo      : No LoadTimeWeaver setup: ignoring JPA class transformer
2026-06-24T21:59:09.785+05:30  INFO 11929 --- [carrental] [restartedMain] com.zaxxer.hikari.HikariDataSource       : HikariPool-1 - Starting...
2026-06-24T21:59:10.736+05:30  INFO 11929 --- [carrental] [restartedMain] com.zaxxer.hikari.pool.HikariPool        : HikariPool-1 - Added connection com.mysql.cj.jdbc.ConnectionImpl@cf1c62
2026-06-24T21:59:10.739+05:30  INFO 11929 --- [carrental] [restartedMain] com.zaxxer.hikari.HikariDataSource       : HikariPool-1 - Start completed.
2026-06-24T21:59:10.902+05:30  WARN 11929 --- [carrental] [restartedMain] org.hibernate.orm.deprecation            : HHH90000025: MySQLDialect does not need to be specified explicitly using 'hibernate.dialect' (remove the property setting and it will be selected by default)
2026-06-24T21:59:10.961+05:30  INFO 11929 --- [carrental] [restartedMain] org.hibernate.orm.connections.pooling    : HHH10001005: Database info:
	Database JDBC URL [jdbc:mysql://localhost:3306/carrental?createDatabaseIfNotExist=true]
	Database driver: MySQL Connector/J
	Database dialect: MySQLDialect
	Database version: 8.0.46
	Default catalog/schema: carrental/undefined
	Autocommit mode: undefined/unknown
	Isolation level: REPEATABLE_READ [default REPEATABLE_READ]
	JDBC fetch size: none
	Pool: DataSourceConnectionProvider
	Minimum pool size: undefined/unknown
	Maximum pool size: undefined/unknown
2026-06-24T21:59:13.534+05:30  INFO 11929 --- [carrental] [restartedMain] org.hibernate.orm.core                   : HHH000489: No JTA platform available (set 'hibernate.transaction.jta.platform' to enable JTA platform integration)
2026-06-24T21:59:13.747+05:30  INFO 11929 --- [carrental] [restartedMain] j.LocalContainerEntityManagerFactoryBean : Initialized JPA EntityManagerFactory for persistence unit 'default'
2026-06-24T21:59:13.949+05:30  INFO 11929 --- [carrental] [restartedMain] o.s.d.j.r.query.QueryEnhancerFactories   : Hibernate is in classpath; If applicable, HQL parser will be used.
2026-06-24T21:59:14.409+05:30  INFO 11929 --- [carrental] [restartedMain] eAuthenticationProviderManagerConfigurer : Global AuthenticationManager configured with AuthenticationProvider bean with name authenticationProvider
2026-06-24T21:59:14.410+05:30  WARN 11929 --- [carrental] [restartedMain] r$InitializeUserDetailsManagerConfigurer : Global AuthenticationManager configured with an AuthenticationProvider bean. UserDetailsService beans will not be used by Spring Security for automatically configuring username/password login. Consider removing the AuthenticationProvider bean. Alternatively, consider using the UserDetailsService in a manually instantiated DaoAuthenticationProvider. If the current configuration is intentional, to turn off this warning, increase the logging level of 'org.springframework.security.config.annotation.authentication.configuration.InitializeUserDetailsBeanManagerConfigurer' to ERROR
2026-06-24T21:59:14.687+05:30  WARN 11929 --- [carrental] [restartedMain] JpaBaseConfiguration$JpaWebConfiguration : spring.jpa.open-in-view is enabled by default. Therefore, database queries may be performed during view rendering. Explicitly configure spring.jpa.open-in-view to disable this warning
2026-06-24T21:59:16.382+05:30  WARN 11929 --- [carrental] [restartedMain] ConfigServletWebServerApplicationContext : Exception encountered during context initialization - cancelling refresh attempt: org.springframework.context.ApplicationContextException: Failed to start bean 'webServerStartStop'
2026-06-24T21:59:16.386+05:30  INFO 11929 --- [carrental] [restartedMain] j.LocalContainerEntityManagerFactoryBean : Closing JPA EntityManagerFactory for persistence unit 'default'
2026-06-24T21:59:16.391+05:30  INFO 11929 --- [carrental] [restartedMain] com.zaxxer.hikari.HikariDataSource       : HikariPool-1 - Shutdown initiated...
2026-06-24T21:59:16.402+05:30  INFO 11929 --- [carrental] [restartedMain] com.zaxxer.hikari.HikariDataSource       : HikariPool-1 - Shutdown completed.
2026-06-24T21:59:16.420+05:30  INFO 11929 --- [carrental] [restartedMain] .s.b.a.l.ConditionEvaluationReportLogger : 

Error starting ApplicationContext. To display the condition evaluation report re-run your application with 'debug' enabled.
2026-06-24T21:59:16.462+05:30 ERROR 11929 --- [carrental] [restartedMain] o.s.b.d.LoggingFailureAnalysisReporter   : 

***************************
APPLICATION FAILED TO START
***************************

Description:

Web server failed to start. Port 8081 was already in use.

Action:

Identify and stop the process that's listening on port 8081 or configure this application to listen on another port.

2026-06-24T22:00:30.667+05:30  INFO 12632 --- [carrental] [restartedMain] c.d.c.carrental.CarrentalApplication     : Starting CarrentalApplication using Java 21.0.11 with PID 12632 (/home/hasika/Desktop/webinar/carrental/target/classes started by hasika in /home/hasika/Desktop/webinar/carrental)
2026-06-24T22:00:30.676+05:30 DEBUG 12632 --- [carrental] [restartedMain] c.d.c.carrental.CarrentalApplication     : Running with Spring Boot v4.0.6, Spring v7.0.7
2026-06-24T22:00:30.680+05:30  INFO 12632 --- [carrental] [restartedMain] c.d.c.carrental.CarrentalApplication     : No active profile set, falling back to 1 default profile: "default"
2026-06-24T22:00:30.893+05:30  INFO 12632 --- [carrental] [restartedMain] .e.DevToolsPropertyDefaultsPostProcessor : Devtools property defaults active! Set 'spring.devtools.add-properties' to 'false' to disable
2026-06-24T22:00:30.894+05:30  INFO 12632 --- [carrental] [restartedMain] .e.DevToolsPropertyDefaultsPostProcessor : For additional web related logging consider setting the 'logging.level.web' property to 'DEBUG'
2026-06-24T22:00:32.996+05:30  INFO 12632 --- [carrental] [restartedMain] .s.d.r.c.RepositoryConfigurationDelegate : Bootstrapping Spring Data JPA repositories in DEFAULT mode.
2026-06-24T22:00:33.228+05:30  INFO 12632 --- [carrental] [restartedMain] .s.d.r.c.RepositoryConfigurationDelegate : Finished Spring Data repository scanning in 214 ms. Found 16 JPA repository interfaces.
2026-06-24T22:00:34.235+05:30  INFO 12632 --- [carrental] [restartedMain] o.s.boot.tomcat.TomcatWebServer          : Tomcat initialized with port 8081 (http)
2026-06-24T22:00:34.256+05:30  INFO 12632 --- [carrental] [restartedMain] o.apache.catalina.core.StandardService   : Starting service [Tomcat]
2026-06-24T22:00:34.257+05:30  INFO 12632 --- [carrental] [restartedMain] o.apache.catalina.core.StandardEngine    : Starting Servlet engine: [Apache Tomcat/11.0.21]
2026-06-24T22:00:34.333+05:30  INFO 12632 --- [carrental] [restartedMain] b.w.c.s.WebApplicationContextInitializer : Root WebApplicationContext: initialization completed in 3438 ms
2026-06-24T22:00:34.514+05:30 DEBUG 12632 --- [carrental] [restartedMain] c.d.c.carrental.config.JWTAuthFilter     : Filter 'JWTAuthFilter' configured for use
2026-06-24T22:00:34.856+05:30  INFO 12632 --- [carrental] [restartedMain] org.hibernate.orm.jpa                    : HHH008540: Processing PersistenceUnitInfo [name: default]
2026-06-24T22:00:34.956+05:30  INFO 12632 --- [carrental] [restartedMain] org.hibernate.orm.core                   : HHH000001: Hibernate ORM core version 7.2.12.Final
2026-06-24T22:00:35.658+05:30  INFO 12632 --- [carrental] [restartedMain] o.s.o.j.p.SpringPersistenceUnitInfo      : No LoadTimeWeaver setup: ignoring JPA class transformer
2026-06-24T22:00:35.704+05:30  INFO 12632 --- [carrental] [restartedMain] com.zaxxer.hikari.HikariDataSource       : HikariPool-1 - Starting...
2026-06-24T22:00:36.281+05:30  INFO 12632 --- [carrental] [restartedMain] com.zaxxer.hikari.pool.HikariPool        : HikariPool-1 - Added connection com.mysql.cj.jdbc.ConnectionImpl@511104c6
2026-06-24T22:00:36.284+05:30  INFO 12632 --- [carrental] [restartedMain] com.zaxxer.hikari.HikariDataSource       : HikariPool-1 - Start completed.
2026-06-24T22:00:36.375+05:30  WARN 12632 --- [carrental] [restartedMain] org.hibernate.orm.deprecation            : HHH90000025: MySQLDialect does not need to be specified explicitly using 'hibernate.dialect' (remove the property setting and it will be selected by default)
2026-06-24T22:00:36.404+05:30  INFO 12632 --- [carrental] [restartedMain] org.hibernate.orm.connections.pooling    : HHH10001005: Database info:
	Database JDBC URL [jdbc:mysql://localhost:3306/carrental?createDatabaseIfNotExist=true]
	Database driver: MySQL Connector/J
	Database dialect: MySQLDialect
	Database version: 8.0.46
	Default catalog/schema: carrental/undefined
	Autocommit mode: undefined/unknown
	Isolation level: REPEATABLE_READ [default REPEATABLE_READ]
	JDBC fetch size: none
	Pool: DataSourceConnectionProvider
	Minimum pool size: undefined/unknown
	Maximum pool size: undefined/unknown
2026-06-24T22:00:38.427+05:30  INFO 12632 --- [carrental] [restartedMain] org.hibernate.orm.core                   : HHH000489: No JTA platform available (set 'hibernate.transaction.jta.platform' to enable JTA platform integration)
2026-06-24T22:00:38.619+05:30  INFO 12632 --- [carrental] [restartedMain] j.LocalContainerEntityManagerFactoryBean : Initialized JPA EntityManagerFactory for persistence unit 'default'
2026-06-24T22:00:38.800+05:30  INFO 12632 --- [carrental] [restartedMain] o.s.d.j.r.query.QueryEnhancerFactories   : Hibernate is in classpath; If applicable, HQL parser will be used.
2026-06-24T22:00:39.211+05:30  INFO 12632 --- [carrental] [restartedMain] eAuthenticationProviderManagerConfigurer : Global AuthenticationManager configured with AuthenticationProvider bean with name authenticationProvider
2026-06-24T22:00:39.212+05:30  WARN 12632 --- [carrental] [restartedMain] r$InitializeUserDetailsManagerConfigurer : Global AuthenticationManager configured with an AuthenticationProvider bean. UserDetailsService beans will not be used by Spring Security for automatically configuring username/password login. Consider removing the AuthenticationProvider bean. Alternatively, consider using the UserDetailsService in a manually instantiated DaoAuthenticationProvider. If the current configuration is intentional, to turn off this warning, increase the logging level of 'org.springframework.security.config.annotation.authentication.configuration.InitializeUserDetailsBeanManagerConfigurer' to ERROR
2026-06-24T22:00:39.441+05:30  WARN 12632 --- [carrental] [restartedMain] JpaBaseConfiguration$JpaWebConfiguration : spring.jpa.open-in-view is enabled by default. Therefore, database queries may be performed during view rendering. Explicitly configure spring.jpa.open-in-view to disable this warning
2026-06-24T22:00:40.672+05:30  WARN 12632 --- [carrental] [restartedMain] ConfigServletWebServerApplicationContext : Exception encountered during context initialization - cancelling refresh attempt: org.springframework.context.ApplicationContextException: Failed to start bean 'webServerStartStop'
2026-06-24T22:00:40.677+05:30  INFO 12632 --- [carrental] [restartedMain] j.LocalContainerEntityManagerFactoryBean : Closing JPA EntityManagerFactory for persistence unit 'default'
2026-06-24T22:00:40.681+05:30  INFO 12632 --- [carrental] [restartedMain] com.zaxxer.hikari.HikariDataSource       : HikariPool-1 - Shutdown initiated...
2026-06-24T22:00:40.692+05:30  INFO 12632 --- [carrental] [restartedMain] com.zaxxer.hikari.HikariDataSource       : HikariPool-1 - Shutdown completed.
2026-06-24T22:00:40.710+05:30  INFO 12632 --- [carrental] [restartedMain] .s.b.a.l.ConditionEvaluationReportLogger : 

Error starting ApplicationContext. To display the condition evaluation report re-run your application with 'debug' enabled.
2026-06-24T22:00:40.740+05:30 ERROR 12632 --- [carrental] [restartedMain] o.s.b.d.LoggingFailureAnalysisReporter   : 

***************************
APPLICATION FAILED TO START
***************************

Description:

Web server failed to start. Port 8081 was already in use.

Action:

Identify and stop the process that's listening on port 8081 or configure this application to listen on another port.

2026-06-24T22:02:16.056+05:30  INFO 13298 --- [carrental] [restartedMain] c.d.c.carrental.CarrentalApplication     : Starting CarrentalApplication using Java 21.0.11 with PID 13298 (/home/hasika/Desktop/webinar/carrental/target/classes started by hasika in /home/hasika/Desktop/webinar/carrental)
2026-06-24T22:02:16.061+05:30 DEBUG 13298 --- [carrental] [restartedMain] c.d.c.carrental.CarrentalApplication     : Running with Spring Boot v4.0.6, Spring v7.0.7
2026-06-24T22:02:16.063+05:30  INFO 13298 --- [carrental] [restartedMain] c.d.c.carrental.CarrentalApplication     : No active profile set, falling back to 1 default profile: "default"
2026-06-24T22:02:16.270+05:30  INFO 13298 --- [carrental] [restartedMain] .e.DevToolsPropertyDefaultsPostProcessor : Devtools property defaults active! Set 'spring.devtools.add-properties' to 'false' to disable
2026-06-24T22:02:16.272+05:30  INFO 13298 --- [carrental] [restartedMain] .e.DevToolsPropertyDefaultsPostProcessor : For additional web related logging consider setting the 'logging.level.web' property to 'DEBUG'
2026-06-24T22:02:18.148+05:30  INFO 13298 --- [carrental] [restartedMain] .s.d.r.c.RepositoryConfigurationDelegate : Bootstrapping Spring Data JPA repositories in DEFAULT mode.
2026-06-24T22:02:18.442+05:30  INFO 13298 --- [carrental] [restartedMain] .s.d.r.c.RepositoryConfigurationDelegate : Finished Spring Data repository scanning in 276 ms. Found 16 JPA repository interfaces.
2026-06-24T22:02:20.054+05:30  INFO 13298 --- [carrental] [restartedMain] o.s.boot.tomcat.TomcatWebServer          : Tomcat initialized with port 8081 (http)
2026-06-24T22:02:20.080+05:30  INFO 13298 --- [carrental] [restartedMain] o.apache.catalina.core.StandardService   : Starting service [Tomcat]
2026-06-24T22:02:20.081+05:30  INFO 13298 --- [carrental] [restartedMain] o.apache.catalina.core.StandardEngine    : Starting Servlet engine: [Apache Tomcat/11.0.21]
2026-06-24T22:02:20.188+05:30  INFO 13298 --- [carrental] [restartedMain] b.w.c.s.WebApplicationContextInitializer : Root WebApplicationContext: initialization completed in 3914 ms
2026-06-24T22:02:20.439+05:30 DEBUG 13298 --- [carrental] [restartedMain] c.d.c.carrental.config.JWTAuthFilter     : Filter 'JWTAuthFilter' configured for use
2026-06-24T22:02:20.942+05:30  INFO 13298 --- [carrental] [restartedMain] org.hibernate.orm.jpa                    : HHH008540: Processing PersistenceUnitInfo [name: default]
2026-06-24T22:02:21.047+05:30  INFO 13298 --- [carrental] [restartedMain] org.hibernate.orm.core                   : HHH000001: Hibernate ORM core version 7.2.12.Final
2026-06-24T22:02:22.163+05:30  INFO 13298 --- [carrental] [restartedMain] o.s.o.j.p.SpringPersistenceUnitInfo      : No LoadTimeWeaver setup: ignoring JPA class transformer
2026-06-24T22:02:22.263+05:30  INFO 13298 --- [carrental] [restartedMain] com.zaxxer.hikari.HikariDataSource       : HikariPool-1 - Starting...
2026-06-24T22:02:23.129+05:30  INFO 13298 --- [carrental] [restartedMain] com.zaxxer.hikari.pool.HikariPool        : HikariPool-1 - Added connection com.mysql.cj.jdbc.ConnectionImpl@620c2c53
2026-06-24T22:02:23.137+05:30  INFO 13298 --- [carrental] [restartedMain] com.zaxxer.hikari.HikariDataSource       : HikariPool-1 - Start completed.
2026-06-24T22:02:23.269+05:30  WARN 13298 --- [carrental] [restartedMain] org.hibernate.orm.deprecation            : HHH90000025: MySQLDialect does not need to be specified explicitly using 'hibernate.dialect' (remove the property setting and it will be selected by default)
2026-06-24T22:02:23.330+05:30  INFO 13298 --- [carrental] [restartedMain] org.hibernate.orm.connections.pooling    : HHH10001005: Database info:
	Database JDBC URL [jdbc:mysql://localhost:3306/carrental?createDatabaseIfNotExist=true]
	Database driver: MySQL Connector/J
	Database dialect: MySQLDialect
	Database version: 8.0.46
	Default catalog/schema: carrental/undefined
	Autocommit mode: undefined/unknown
	Isolation level: REPEATABLE_READ [default REPEATABLE_READ]
	JDBC fetch size: none
	Pool: DataSourceConnectionProvider
	Minimum pool size: undefined/unknown
	Maximum pool size: undefined/unknown
2026-06-24T22:02:25.890+05:30  INFO 13298 --- [carrental] [restartedMain] org.hibernate.orm.core                   : HHH000489: No JTA platform available (set 'hibernate.transaction.jta.platform' to enable JTA platform integration)
2026-06-24T22:02:26.111+05:30  INFO 13298 --- [carrental] [restartedMain] j.LocalContainerEntityManagerFactoryBean : Initialized JPA EntityManagerFactory for persistence unit 'default'
2026-06-24T22:02:26.342+05:30  INFO 13298 --- [carrental] [restartedMain] o.s.d.j.r.query.QueryEnhancerFactories   : Hibernate is in classpath; If applicable, HQL parser will be used.
2026-06-24T22:02:26.842+05:30  INFO 13298 --- [carrental] [restartedMain] eAuthenticationProviderManagerConfigurer : Global AuthenticationManager configured with AuthenticationProvider bean with name authenticationProvider
2026-06-24T22:02:26.843+05:30  WARN 13298 --- [carrental] [restartedMain] r$InitializeUserDetailsManagerConfigurer : Global AuthenticationManager configured with an AuthenticationProvider bean. UserDetailsService beans will not be used by Spring Security for automatically configuring username/password login. Consider removing the AuthenticationProvider bean. Alternatively, consider using the UserDetailsService in a manually instantiated DaoAuthenticationProvider. If the current configuration is intentional, to turn off this warning, increase the logging level of 'org.springframework.security.config.annotation.authentication.configuration.InitializeUserDetailsBeanManagerConfigurer' to ERROR
2026-06-24T22:02:27.040+05:30  WARN 13298 --- [carrental] [restartedMain] JpaBaseConfiguration$JpaWebConfiguration : spring.jpa.open-in-view is enabled by default. Therefore, database queries may be performed during view rendering. Explicitly configure spring.jpa.open-in-view to disable this warning
2026-06-24T22:02:28.723+05:30  INFO 13298 --- [carrental] [restartedMain] o.s.boot.tomcat.TomcatWebServer          : Tomcat started on port 8081 (http) with context path '/api/v1'
2026-06-24T22:02:28.735+05:30  INFO 13298 --- [carrental] [restartedMain] c.d.c.carrental.CarrentalApplication     : Started CarrentalApplication in 13.69 seconds (process running for 14.934)
2026-06-24T22:03:30.826+05:30  INFO 13298 --- [carrental] [http-nio-8081-exec-1] o.a.c.c.C.[.[localhost].[/api/v1]        : Initializing Spring DispatcherServlet 'dispatcherServlet'
2026-06-24T22:03:30.827+05:30  INFO 13298 --- [carrental] [http-nio-8081-exec-1] o.s.web.servlet.DispatcherServlet        : Initializing Servlet 'dispatcherServlet'
2026-06-24T22:03:30.832+05:30  INFO 13298 --- [carrental] [http-nio-8081-exec-1] o.s.web.servlet.DispatcherServlet        : Completed initialization in 3 ms
2026-06-24T22:04:56.491+05:30  INFO 13298 --- [carrental] [SpringApplicationShutdownHook] o.s.boot.tomcat.GracefulShutdown         : Commencing graceful shutdown. Waiting for active requests to complete
2026-06-24T22:04:56.495+05:30  INFO 13298 --- [carrental] [tomcat-shutdown] o.s.boot.tomcat.GracefulShutdown         : Graceful shutdown complete
2026-06-24T22:04:56.502+05:30  INFO 13298 --- [carrental] [SpringApplicationShutdownHook] j.LocalContainerEntityManagerFactoryBean : Closing JPA EntityManagerFactory for persistence unit 'default'
2026-06-24T22:04:56.507+05:30  INFO 13298 --- [carrental] [SpringApplicationShutdownHook] com.zaxxer.hikari.HikariDataSource       : HikariPool-1 - Shutdown initiated...
2026-06-24T22:04:56.518+05:30  INFO 13298 --- [carrental] [SpringApplicationShutdownHook] com.zaxxer.hikari.HikariDataSource       : HikariPool-1 - Shutdown completed.
